[13:06:41.957] [INFO] Storybook upgrade - v10.3.6
[13:06:41.959] [INFO] Detecting projects...
[13:06:41.959] [DEBUG] Finding Storybook projects...
[13:06:42.210] [DEBUG] Found 1 Storybook projects
[13:06:42.211] [INFO] Detecting projects: 1 projects
[13:06:42.211] [DEBUG] Getting Storybook data...
[13:06:42.211] [DEBUG] Getting Storybook info...
[13:06:42.259] [DEBUG] Loading main config...
[13:06:42.259] [DEBUG] Getting stories paths...
[13:06:42.266] [DEBUG] Getting package manager...
[13:06:42.509] [DEBUG] Getting package.json info for /Users/marvin/IdeaProjects/osucad-current/package.json...
[13:06:42.509] [DEBUG] Getting Storybook version...
[13:06:42.510] [DEBUG] Detecting CSF factory usage...
[13:06:42.516] [DEBUG] /packages/ruleset-osu/.storybook - Validating before version... 10.3.6
[13:06:42.516] [DEBUG] /packages/ruleset-osu/.storybook - Validating upgrade compatibility...
[13:06:42.516] [DEBUG] /packages/ruleset-osu/.storybook - Fetching NPM version information...
[13:06:42.516] [DEBUG] Getting CLI versions from NPM for storybook...
[13:06:42.516] [DEBUG] Executing command: pnpm info storybook version
[13:06:42.520] [DEBUG] Getting CLI versions from NPM for storybook@next...
[13:06:42.520] [DEBUG] Executing command: pnpm info storybook@next version
[13:06:43.156] [DEBUG] /packages/ruleset-osu/.storybook - Evaluating blockers...
[13:06:43.162] [DEBUG] Getting installed version for @storybook/experimental-addon-test...
[13:06:43.164] [DEBUG] Executing command: pnpm list "@storybook/experimental-addon-test" --json --depth=99
[13:06:43.411] [DEBUG] No installations found for @storybook/experimental-addon-test
[13:06:43.411] [INFO] 1 project detected
[13:06:43.411] [DEBUG] Found 1 valid projects and 0 error projects
[13:06:43.411] [INFO] Upgrading from 10.3.6 to 10.3.6
[13:06:43.411] [DEBUG] Updating dependencies in /packages/ruleset-osu/.storybook...
[13:06:43.411] [INFO] /packages/ruleset-osu/package.json
/package.json
[13:06:43.412] [DEBUG] Using cached package.json for /Users/marvin/IdeaProjects/osucad-current/packages/ruleset-osu/package.json...
[13:06:43.412] [DEBUG] {
  "upgradedDependencies": []
}
[13:06:43.412] [DEBUG] {
  "upgradedDevDependencies": []
}
[13:06:43.412] [DEBUG] {
  "upgradedPeerDependencies": []
}
[13:06:43.412] [DEBUG] Getting package.json info for /Users/marvin/IdeaProjects/osucad-current/packages/ruleset-osu/package.json...
[13:06:43.412] [DEBUG] Using cached package.json for /Users/marvin/IdeaProjects/osucad-current/packages/ruleset-osu/package.json...
[13:06:43.412] [DEBUG] Using cached package.json for /Users/marvin/IdeaProjects/osucad-current/packages/ruleset-osu/package.json...
[13:06:43.414] [DEBUG] Getting package.json info for /Users/marvin/IdeaProjects/osucad-current/packages/ruleset-osu/package.json...
[13:06:43.414] [DEBUG] Using cached package.json for /Users/marvin/IdeaProjects/osucad-current/packages/ruleset-osu/package.json...
[13:06:43.414] [DEBUG] Using cached package.json for /Users/marvin/IdeaProjects/osucad-current/packages/ruleset-osu/package.json...
[13:06:43.414] [DEBUG] Getting package.json info for /Users/marvin/IdeaProjects/osucad-current/packages/ruleset-osu/package.json...
[13:06:43.414] [DEBUG] Using cached package.json for /Users/marvin/IdeaProjects/osucad-current/packages/ruleset-osu/package.json...
[13:06:43.414] [DEBUG] Using cached package.json for /Users/marvin/IdeaProjects/osucad-current/packages/ruleset-osu/package.json...
[13:06:43.414] [DEBUG] Using cached package.json for /Users/marvin/IdeaProjects/osucad-current/package.json...
[13:06:43.414] [DEBUG] {
  "upgradedDependencies": []
}
[13:06:43.414] [DEBUG] {
  "upgradedDevDependencies": [
    "storybook@10.3.6",
    "eslint-plugin-storybook@10.3.6",
    "@storybook/addon-docs@10.3.6"
  ]
}
[13:06:43.414] [DEBUG] {
  "upgradedPeerDependencies": []
}
[13:06:43.414] [DEBUG] Getting package.json info for /Users/marvin/IdeaProjects/osucad-current/package.json...
[13:06:43.414] [DEBUG] Using cached package.json for /Users/marvin/IdeaProjects/osucad-current/package.json...
[13:06:43.414] [DEBUG] Using cached package.json for /Users/marvin/IdeaProjects/osucad-current/package.json...
[13:06:43.414] [DEBUG] Getting package.json info for /Users/marvin/IdeaProjects/osucad-current/package.json...
[13:06:43.414] [DEBUG] Using cached package.json for /Users/marvin/IdeaProjects/osucad-current/package.json...
[13:06:43.414] [DEBUG] Using cached version for storybook...
[13:06:43.414] [DEBUG] Getting CLI versions from NPM for eslint-plugin-storybook...
[13:06:43.414] [DEBUG] Executing command: pnpm info eslint-plugin-storybook version
[13:06:43.824] [DEBUG] Getting CLI versions from NPM for @storybook/addon-docs...
[13:06:43.824] [DEBUG] Executing command: pnpm info @storybook/addon-docs version
[13:06:44.381] [DEBUG] Using cached package.json for /Users/marvin/IdeaProjects/osucad-current/package.json...
[13:06:44.381] [DEBUG] Getting package.json info for /Users/marvin/IdeaProjects/osucad-current/package.json...
[13:06:44.381] [DEBUG] Using cached package.json for /Users/marvin/IdeaProjects/osucad-current/package.json...
[13:06:44.381] [DEBUG] Using cached package.json for /Users/marvin/IdeaProjects/osucad-current/package.json...
[13:06:44.381] [INFO] Updated package versions in package.json files
[13:06:44.382] [DEBUG] Starting automigration collection across 1 projects and 19 fixes...
[13:06:44.382] [INFO] Checking automigrations for /packages/ruleset-osu/.storybook...
[13:06:44.382] [DEBUG] Processing project: /packages/ruleset-osu/.storybook
[13:06:44.382] [DEBUG] Checking fix eslintPlugin for project /packages/ruleset-osu/.storybook...
[13:06:44.382] [DEBUG] Using cached package.json for /Users/marvin/IdeaProjects/osucad-current/packages/ruleset-osu/package.json...
[13:06:44.382] [DEBUG] Using cached package.json for /Users/marvin/IdeaProjects/osucad-current/package.json...
[13:06:44.382] [DEBUG] Using cached package.json for /Users/marvin/IdeaProjects/osucad-current/package.json...
[13:06:44.382] [DEBUG] Checking fix addon-mdx-gfm-remove for project /packages/ruleset-osu/.storybook...
[13:06:44.382] [DEBUG] Using cached package.json for /Users/marvin/IdeaProjects/osucad-current/packages/ruleset-osu/package.json...
[13:06:44.382] [DEBUG] Using cached package.json for /Users/marvin/IdeaProjects/osucad-current/package.json...
[13:06:44.382] [DEBUG] Checking fix addon-storysource-code-panel for project /packages/ruleset-osu/.storybook...
[13:06:44.382] [DEBUG] Checking fix upgrade-storybook-related-dependencies for project /packages/ruleset-osu/.storybook...
[13:06:44.382] [DEBUG] Checking for incompatible storybook packages...
[13:06:44.382] [DEBUG] Using cached package.json for /Users/marvin/IdeaProjects/osucad-current/packages/ruleset-osu/package.json...
[13:06:44.382] [DEBUG] Using cached package.json for /Users/marvin/IdeaProjects/osucad-current/package.json...
[13:06:44.383] [DEBUG] Using cached package.json for /Users/marvin/IdeaProjects/osucad-current/packages/ruleset-osu/package.json...
[13:06:44.383] [DEBUG] Using cached package.json for /Users/marvin/IdeaProjects/osucad-current/package.json...
[13:06:44.383] [DEBUG] Skipping @osucad/storybook-preset-vite as it does not have a valid version type: workspace:^
[13:06:44.383] [DEBUG] Skipping @osucad/storybook-renderer as it does not have a valid version type: workspace:^
[13:06:44.383] [DEBUG] Skipping @osucad/storybook-vite as it does not have a valid version type: workspace:^
[13:06:44.383] [DEBUG] Skipping @osucad/storybook-preset-vite as it does not have a valid version type: workspace:^
[13:06:44.383] [DEBUG] Skipping @osucad/storybook-renderer as it does not have a valid version type: workspace:^
[13:06:44.383] [DEBUG] Skipping @osucad/storybook-vite as it does not have a valid version type: workspace:^
[13:06:44.383] [DEBUG] Getting installed version for @nx/storybook...
[13:06:44.383] [DEBUG] Executing command: pnpm list "@nx/storybook" --json --depth=99
[13:06:44.623] [DEBUG] No installations found for @nx/storybook
[13:06:44.623] [DEBUG] Getting CLI versions from NPM for @nx/storybook...
[13:06:44.623] [DEBUG] Executing command: pnpm info @nx/storybook version
[13:06:45.515] [DEBUG] Checking fix initial-globals for project /packages/ruleset-osu/.storybook...
[13:06:45.516] [DEBUG] Checking fix addon-globals-api for project /packages/ruleset-osu/.storybook...
[13:06:45.517] [DEBUG] Checking fix addon-a11y-addon-test for project /packages/ruleset-osu/.storybook...
[13:06:45.517] [DEBUG] Checking fix consolidated-imports for project /packages/ruleset-osu/.storybook...
[13:06:45.517] [DEBUG] Checking fix addon-experimental-test for project /packages/ruleset-osu/.storybook...
[13:06:45.517] [DEBUG] Using cached installed version for @storybook/experimental-addon-test...
[13:06:45.517] [DEBUG] Checking fix rnstorybook-config for project /packages/ruleset-osu/.storybook...
[13:06:45.517] [DEBUG] Using cached package.json for /Users/marvin/IdeaProjects/osucad-current/packages/ruleset-osu/package.json...
[13:06:45.517] [DEBUG] Using cached package.json for /Users/marvin/IdeaProjects/osucad-current/package.json...
[13:06:45.517] [DEBUG] Checking fix migrate-addon-console for project /packages/ruleset-osu/.storybook...
[13:06:45.517] [DEBUG] Using cached package.json for /Users/marvin/IdeaProjects/osucad-current/packages/ruleset-osu/package.json...
[13:06:45.517] [DEBUG] Using cached package.json for /Users/marvin/IdeaProjects/osucad-current/package.json...
[13:06:45.517] [DEBUG] Checking fix nextjs-to-nextjs-vite for project /packages/ruleset-osu/.storybook...
[13:06:45.517] [DEBUG] Using cached package.json for /Users/marvin/IdeaProjects/osucad-current/packages/ruleset-osu/package.json...
[13:06:45.517] [DEBUG] Using cached package.json for /Users/marvin/IdeaProjects/osucad-current/package.json...
[13:06:45.517] [DEBUG] Checking fix remove-addon-interactions for project /packages/ruleset-osu/.storybook...
[13:06:45.517] [DEBUG] Using cached package.json for /Users/marvin/IdeaProjects/osucad-current/packages/ruleset-osu/package.json...
[13:06:45.517] [DEBUG] Using cached package.json for /Users/marvin/IdeaProjects/osucad-current/package.json...
[13:06:45.517] [DEBUG] Checking fix renderer-to-framework for project /packages/ruleset-osu/.storybook...
[13:06:45.517] [DEBUG] Checking fix remove-essential-addons for project /packages/ruleset-osu/.storybook...
[13:06:45.518] [DEBUG] Using cached package.json for /Users/marvin/IdeaProjects/osucad-current/packages/ruleset-osu/package.json...
[13:06:45.518] [DEBUG] Using cached package.json for /Users/marvin/IdeaProjects/osucad-current/package.json...
[13:06:45.518] [DEBUG] Checking fix addon-a11y-parameters for project /packages/ruleset-osu/.storybook...
[13:06:45.518] [DEBUG] Checking fix remove-docs-autodocs for project /packages/ruleset-osu/.storybook...
[13:06:45.521] [DEBUG] Checking fix wrap-getAbsolutePath for project /packages/ruleset-osu/.storybook...
[13:06:45.524] [DEBUG] Checking fix fix-faux-esm-require for project /packages/ruleset-osu/.storybook...
[13:06:45.524] [INFO] 
Automigrations detected:
[13:06:45.524] [INFO] No automigrations detected
[13:06:45.524] [DEBUG] Completed automigrations for /packages/ruleset-osu/.storybook
[13:06:45.524] [INFO] Installing dependencies...
[13:06:45.524] [INFO] Installing dependencies...
[13:06:45.524] [DEBUG] Executing command: pnpm install -w
[13:06:45.789] [INFO] Installing dependencies...: Lockfile is up to date, resolution step is skipped

[13:06:45.789] [INFO] Installing dependencies...: Lockfile is up to date, r
[13:06:45.843] [INFO] Installing dependencies...: Already up to date

[13:06:45.843] [INFO] Installing dependencies...: Already up to date
[13:06:46.429] [INFO] Installing dependencies...: 

[13:06:46.429] [INFO] Installing dependencies...: 
[13:06:46.455] [INFO] Installing dependencies...: Done in 863ms

[13:06:46.455] [INFO] Installing dependencies...: Done in 863ms
[13:06:46.467] [INFO] Dependencies installed
[13:06:46.467] [INFO] Dependencies installed
[13:06:46.467] [WARN] Since you are in a monorepo, we advise you to deduplicate your dependencies. We can do this for you but it might take some time.
[13:06:46.468] [INFO] Deduplicating dependencies...
[13:06:46.468] [INFO] Deduplicating dependencies...
[13:06:46.468] [DEBUG] Executing command: pnpm dedupe
[13:06:46.967] [INFO] Progress: resolved 1, reused 0, downloaded 0, added 0
[13:06:46.967] [INFO] Progress: resolved 1, reused 0, downloaded 0, added 0
[13:06:47.969] [INFO] Progress: resolved 57, reused 57, downloaded 0, added 0
[13:06:47.969] [INFO] Progress: resolved 57, reused 57, downloaded 0, added 0
[13:06:48.969] [INFO] Progress: resolved 103, reused 103, downloaded 0, added 0
[13:06:48.969] [INFO] Progress: resolved 103, reused 103, downloaded 0, added 0
[13:06:49.970] [INFO] Progress: resolved 405, reused 386, downloaded 0, added 0
[13:06:49.970] [INFO] Progress: resolved 405, reused 386, downloaded 0, added 0
[13:06:50.972] [INFO] Progress: resolved 591, reused 524, downloaded 0, added 0
[13:06:50.972] [INFO] Progress: resolved 591, reused 524, downloaded 0, added 0
[13:06:51.971] [INFO] Progress: resolved 767, reused 681, downloaded 0, added 0
[13:06:51.971] [INFO] Progress: resolved 767, reused 681, downloaded 0, added 0
[13:06:52.972] [INFO] Progress: resolved 1010, reused 899, downloaded 0, added 0
[13:06:52.972] [INFO] Progress: resolved 1010, reused 899, downloaded 0, added 0
[13:06:53.973] [INFO] Progress: resolved 1263, reused 1134, downloaded 0, added 0
[13:06:53.973] [INFO] Progress: resolved 1263, reused 1134, downloaded 0, added 0
[13:06:54.916] [INFO] WARN  8 deprecated subdependencies found: @xmldom/xmldom@0.8.10, abab@2.0.6, domexception@4.0.0, glob@10.5.0, glob@7.2.3, inflight@1.0.6, uuid@8.3.2, whatwg-encoding@2.0.0
[13:06:54.916] [INFO] WARN  8 deprecated subdependencies found: @xmldom/xmldom@0.8.10, abab@2.0.6, domexception@4.0.0, glob@10.5.0, glob@7.2.3, inflight@1.0.6, uuid@8.3.2, whatwg-encoding@2.0.0
[13:06:54.935] [INFO] Packages: -151
--------------------------------------------------------------------------------
[13:06:54.935] [INFO] Packages: -151
--------------------------------------------------------------------------------
[13:06:54.974] [INFO] Progress: resolved 1351, reused 1222, downloaded 0, added 0
[13:06:54.974] [INFO] Progress: resolved 1351, reused 1222, downloaded 0, added 0
[13:06:55.084] [INFO] Progress: resolved 1351, reused 1222, downloaded 0, added 76, done
[13:06:55.084] [INFO] Progress: resolved 1351, reused 1222, downloaded 0, added 76, done
[13:06:55.521] [INFO] 
[13:06:55.521] [INFO] 
[13:06:55.522] [INFO] WARN  Issues with peer dependencies found
.
├─┬ vite 7.3.3
│ └── ✕ unmet peer @types/node@"^20.19.0 || >=22.12.0": found 18.16.9
├─┬ vitest 4.1.5
│ └── ✕ unmet peer @types/node@"^20.0.0 || ^22.0.0 || >=24.0.0": found 18.16.9
└─┬ @storybook/addon-docs 10.3.6
  └─┬ react-dom 16.14.0
    └── ✕ unmet peer react@^16.14.0: found 19.2.6

multiplayer/core
└─┬ vitest 3.1.2
  └── ✕ unmet peer @vitest/ui@3.1.2: found 4.1.5

packages/storybook-preset-vite
└─┬ react-dom 16.14.0
  └── ✕ unmet peer react@^16.14.0: found 19.2.6

packages/storybook-vite
└─┬ react-dom 16.14.0
  └── ✕ unmet peer react@^16.14.0: found 19.2.6
[13:06:55.522] [INFO] WARN  Issues with peer dependencies found
.
├─┬ vite 7.3.3
│ └── ✕ unmet peer @types/node@"^20.19.0 || >=22.12.0": found 18.16.9
├─┬ vitest 4.1.5
│ └── ✕ unmet peer @types/node@"^20.0.0 || ^22.0.0 || >=24.0.0": found 18.16.9
└─┬ @storybook/addon-docs 10.3.6
  └─┬ react-dom 16.14.0
    └── ✕ unmet peer react@^16.14.0: found 19.2.6

multiplayer/core
└─┬ vitest 3.1.2
  └── ✕ unmet peer @vitest/ui@3.1.2: found 4.1.5

packages/storybook-preset-vite
└─┬ react-dom 16.14.0
  └── ✕ unmet peer react@^16.14.0: found 19.2.6

packages/storybook-vite
└─┬ react-dom 16.14.0
  └── ✕ unmet peer react@^16.14.0: found 19.2.6
[13:06:55.571] [INFO] Dependencies deduplicated
[13:06:55.571] [INFO] Dependencies deduplicated
[13:06:55.571] [INFO] Checking the health of your project(s)..
[13:06:55.571] [DEBUG] Using cached package.json for /Users/marvin/IdeaProjects/osucad-current/packages/ruleset-osu/package.json...
[13:06:55.571] [DEBUG] Using cached package.json for /Users/marvin/IdeaProjects/osucad-current/package.json...
[13:06:55.572] [DEBUG] Executing command: pnpm list "@storybook/*" "storybook" --json --depth=99
[13:06:55.821] [WARN] /packages/ruleset-osu/.storybook: 1 issue found
[13:06:55.821] [INFO] You are currently using Storybook 10.3.6 but you have packages which are incompatible with it:

- @osucad/storybook-preset-vite@0.0.1 which depends on ^8.0.0
- @osucad/storybook-renderer@0.0.1 which depends on ^8.0.0
- @osucad/storybook-vite@0.0.1 which depends on ^8.0.0

Please consider updating your packages or contacting the maintainers for compatibility details.

For more details on compatibility guidance, see:
https://github.com/storybookjs/storybook/issues/32836
[13:06:55.822] [INFO] Storybook doctor is complete!
[13:06:55.822] [INFO] You can always recheck the health of your project(s) by running:
npx storybook doctor
[13:06:55.822] [INFO] Your project(s) have been upgraded successfully, but some issues were found which need your attention, please check Storybook doctor logs above.
[13:06:55.823] [INFO] For a full list of changes, please check our migration guide: https://storybook.js.org/docs/releases/migration-guide?ref=upgrade
[13:06:55.823] [INFO] Storybook collects completely anonymous usage telemetry. We use it to shape Storybook's roadmap and prioritize features. You can learn more, including how to opt out, at https://storybook.js.org/telemetry
[13:06:56.818] [INFO] Storybook upgrade completed!